⨯ Unable to acquire lock at c:\Users\WasynApp\Tiyuy-frontend\.next\lock, is another instance of next build running?
  Suggestion: If you intended to restart next build, terminate the other process, and then try again.
